// Jest Snapshot v1, https://goo.gl/fbAQLP

exports[`<OtherTestResult/> should render withour any error 1`] = `ReactWrapper {}`;
