// Jest Snapshot v1, https://goo.gl/fbAQLP

exports[`GroupNotExist render 1`] = `ReactWrapper {}`;
