// Jest Snapshot v1, https://goo.gl/fbAQLP

exports[`GroupDetailNavbar render 1`] = `ReactWrapper {}`;
