// Jest Snapshot v1, https://goo.gl/fbAQLP

exports[`GroupView render 1`] = `ReactWrapper {}`;
