// Jest Snapshot v1, https://goo.gl/fbAQLP

exports[`GroupList render 1`] = `ReactWrapper {}`;
