// Jest Snapshot v1, https://goo.gl/fbAQLP

exports[`GroupDelete render 1`] = `ReactWrapper {}`;

exports[`GroupDelete render 2`] = `ReactWrapper {}`;
