// Jest Snapshot v1, https://goo.gl/fbAQLP

exports[`InvitationList render 1`] = `ReactWrapper {}`;
