// Jest Snapshot v1, https://goo.gl/fbAQLP

exports[`InvitationDelete render 1`] = `ReactWrapper {}`;

exports[`InvitationDelete render 2`] = `ReactWrapper {}`;
