// Jest Snapshot v1, https://goo.gl/fbAQLP

exports[`MemberList render 1`] = `ReactWrapper {}`;
