// Jest Snapshot v1, https://goo.gl/fbAQLP

exports[`MemberDelete render 1`] = `ReactWrapper {}`;

exports[`MemberDelete render 2`] = `ReactWrapper {}`;
